Archive member included to satisfy reference by file (symbol)

/home/karo/PS4SDK/libPS4/libPS4.a(sysutil.o)
                              build/main.o (initSysUtil)
/home/karo/PS4SDK/libPS4/libPS4.a(module.o)
                              build/main.o (getFunctionAddressByName)
/home/karo/PS4SDK/libPS4/libPS4.a(debug.o)
                              build/main.o (DEBUG_SOCK)
/home/karo/PS4SDK/libPS4/libPS4.a(libc.o)
                              build/main.o (initLibc)
/home/karo/PS4SDK/libPS4/libPS4.a(network.o)
                              build/main.o (SckSend)
/home/karo/PS4SDK/libPS4/libPS4.a(kernel.o)
                              build/main.o (initKernel)
/home/karo/PS4SDK/libPS4/libPS4.a(syscall.o)
                              build/main.o (syscall)
/home/karo/PS4SDK/libPS4/libPS4.a(file.o)
                              /home/karo/PS4SDK/libPS4/libPS4.a(network.o) (write)

Merging program properties

Removed property 0xc0000002 to merge build/main.o (0x3) and /tmp/ccPLYPPd.o (not found)
Removed property 0xc0000002 to merge build/main.o (not found) and /home/karo/PS4SDK/libPS4/libPS4.a(sysutil.o) (0x3)
Removed property 0xc0000002 to merge build/main.o (not found) and /home/karo/PS4SDK/libPS4/libPS4.a(module.o) (0x3)
Removed property 0xc0000002 to merge build/main.o (not found) and /home/karo/PS4SDK/libPS4/libPS4.a(debug.o) (0x3)
Removed property 0xc0000002 to merge build/main.o (not found) and /home/karo/PS4SDK/libPS4/libPS4.a(libc.o) (0x3)
Removed property 0xc0000002 to merge build/main.o (not found) and /home/karo/PS4SDK/libPS4/libPS4.a(network.o) (0x3)
Removed property 0xc0000002 to merge build/main.o (not found) and /home/karo/PS4SDK/libPS4/libPS4.a(kernel.o) (0x3)
Removed property 0xc0000002 to merge build/main.o (not found) and /home/karo/PS4SDK/libPS4/libPS4.a(file.o) (0x3)

Allocating common symbols
Common symbol       size              file

strcpy              0x8               /home/karo/PS4SDK/libPS4/libPS4.a(libc.o)
asctime             0x8               /home/karo/PS4SDK/libPS4/libPS4.a(libc.o)
libc                0x4               /home/karo/PS4SDK/libPS4/libPS4.a(libc.o)
sceKernelGettimeofday
                    0x8               /home/karo/PS4SDK/libPS4/libPS4.a(kernel.o)
sceSysmoduleLoadModule
                    0x8               /home/karo/PS4SDK/libPS4/libPS4.a(module.o)
getgid              0x8               /home/karo/PS4SDK/libPS4/libPS4.a(kernel.o)
sceUserServiceInitialize
                    0x8               /home/karo/PS4SDK/libPS4/libPS4.a(sysutil.o)
strerror            0x8               /home/karo/PS4SDK/libPS4/libPS4.a(libc.o)
memmove             0x8               /home/karo/PS4SDK/libPS4/libPS4.a(libc.o)
snprintf            0x8               /home/karo/PS4SDK/libPS4/libPS4.a(libc.o)
strncpy_s           0x8               /home/karo/PS4SDK/libPS4/libPS4.a(libc.o)
libKernelHandle     0x4               /home/karo/PS4SDK/libPS4/libPS4.a(kernel.o)
__stack_chk_guard   0x8               /home/karo/PS4SDK/libPS4/libPS4.a(kernel.o)
sceKernelGetDirectMemorySize
                    0x8               /home/karo/PS4SDK/libPS4/libPS4.a(kernel.o)
ceil                0x8               /home/karo/PS4SDK/libPS4/libPS4.a(libc.o)
sceNetCtlInit       0x8               /home/karo/PS4SDK/libPS4/libPS4.a(network.o)
sceNetHtonll        0x8               /home/karo/PS4SDK/libPS4/libPS4.a(network.o)
execve              0x8               /home/karo/PS4SDK/libPS4/libPS4.a(kernel.o)
getpid              0x8               /home/karo/PS4SDK/libPS4/libPS4.a(kernel.o)
sceNetNtohll        0x8               /home/karo/PS4SDK/libPS4/libPS4.a(network.o)
sceKernelSleep      0x8               /home/karo/PS4SDK/libPS4/libPS4.a(kernel.o)
memcpy              0x8               /home/karo/PS4SDK/libPS4/libPS4.a(libc.o)
sceKernelGetCurrentCpu
                    0x8               /home/karo/PS4SDK/libPS4/libPS4.a(kernel.o)
sceNetCtlGetInfo    0x8               /home/karo/PS4SDK/libPS4/libPS4.a(network.o)
seekdir             0x8               /home/karo/PS4SDK/libPS4/libPS4.a(libc.o)
sceKernelDeleteEqueue
                    0x8               /home/karo/PS4SDK/libPS4/libPS4.a(kernel.o)
sceKernelGetCpuTemperature
                    0x8               /home/karo/PS4SDK/libPS4/libPS4.a(kernel.o)
getuid              0x8               /home/karo/PS4SDK/libPS4/libPS4.a(kernel.o)
rewinddir           0x8               /home/karo/PS4SDK/libPS4/libPS4.a(libc.o)
malloc              0x8               /home/karo/PS4SDK/libPS4/libPS4.a(libc.o)
sceNetInetNtop      0x8               /home/karo/PS4SDK/libPS4/libPS4.a(network.o)
libModule           0x4               /home/karo/PS4SDK/libPS4/libPS4.a(module.o)
readdir_r           0x8               /home/karo/PS4SDK/libPS4/libPS4.a(libc.o)
sceNetSocket        0x8               /home/karo/PS4SDK/libPS4/libPS4.a(network.o)
getprogname         0x8               /home/karo/PS4SDK/libPS4/libPS4.a(libc.o)
readdir             0x8               /home/karo/PS4SDK/libPS4/libPS4.a(libc.o)
sceSysUtilSendSystemNotificationWithText
                    0x8               /home/karo/PS4SDK/libPS4/libPS4.a(sysutil.o)
sceUserServiceGetInitialUser
                    0x8               /home/karo/PS4SDK/libPS4/libPS4.a(sysutil.o)
sceNetInetPton      0x8               /home/karo/PS4SDK/libPS4/libPS4.a(network.o)
__stack_chk_fail    0x8               /home/karo/PS4SDK/libPS4/libPS4.a(kernel.o)
sceKernelMapDirectMemory
                    0x8               /home/karo/PS4SDK/libPS4/libPS4.a(kernel.o)
strtol              0x8               /home/karo/PS4SDK/libPS4/libPS4.a(libc.o)
snprintf_s          0x8               /home/karo/PS4SDK/libPS4/libPS4.a(libc.o)
sysarch             0x8               /home/karo/PS4SDK/libPS4/libPS4.a(kernel.o)
strrchr             0x8               /home/karo/PS4SDK/libPS4/libPS4.a(libc.o)
calloc              0x8               /home/karo/PS4SDK/libPS4/libPS4.a(libc.o)
rindex              0x8               /home/karo/PS4SDK/libPS4/libPS4.a(libc.o)
sceNetGetsockname   0x8               /home/karo/PS4SDK/libPS4/libPS4.a(network.o)
sceKernelError      0x8               /home/karo/PS4SDK/libPS4/libPS4.a(kernel.o)
atof                0x8               /home/karo/PS4SDK/libPS4/libPS4.a(libc.o)
sceNetHtons         0x8               /home/karo/PS4SDK/libPS4/libPS4.a(network.o)
_Getpctype          0x8               /home/karo/PS4SDK/libPS4/libPS4.a(libc.o)
sysctl              0x8               /home/karo/PS4SDK/libPS4/libPS4.a(kernel.o)
fprintf             0x8               /home/karo/PS4SDK/libPS4/libPS4.a(libc.o)
ctime               0x8               /home/karo/PS4SDK/libPS4/libPS4.a(libc.o)
sceKernelRead       0x8               /home/karo/PS4SDK/libPS4/libPS4.a(kernel.o)
strcat              0x8               /home/karo/PS4SDK/libPS4/libPS4.a(libc.o)
sceNetSend          0x8               /home/karo/PS4SDK/libPS4/libPS4.a(network.o)
setregid            0x8               /home/karo/PS4SDK/libPS4/libPS4.a(kernel.o)
fseek               0x8               /home/karo/PS4SDK/libPS4/libPS4.a(libc.o)
libSceUserService   0x4               /home/karo/PS4SDK/libPS4/libPS4.a(sysutil.o)
mktime              0x8               /home/karo/PS4SDK/libPS4/libPS4.a(libc.o)
strstr              0x8               /home/karo/PS4SDK/libPS4/libPS4.a(libc.o)
__error             0x8               /home/karo/PS4SDK/libPS4/libPS4.a(kernel.o)
rand                0x8               /home/karo/PS4SDK/libPS4/libPS4.a(libc.o)
sceKernelSendNotificationRequest
                    0x8               /home/karo/PS4SDK/libPS4/libPS4.a(kernel.o)
sceNetHtonl         0x8               /home/karo/PS4SDK/libPS4/libPS4.a(network.o)
setgid              0x8               /home/karo/PS4SDK/libPS4/libPS4.a(kernel.o)
dirfd               0x8               /home/karo/PS4SDK/libPS4/libPS4.a(libc.o)
sceNetErrnoLoc      0x8               /home/karo/PS4SDK/libPS4/libPS4.a(network.o)
sceKernelLseek      0x8               /home/karo/PS4SDK/libPS4/libPS4.a(kernel.o)
sceKernelStat       0x8               /home/karo/PS4SDK/libPS4/libPS4.a(kernel.o)
strlcpy             0x8               /home/karo/PS4SDK/libPS4/libPS4.a(libc.o)
strncmp             0x8               /home/karo/PS4SDK/libPS4/libPS4.a(libc.o)
sceKernelLoadStartModule
                    0x8               /home/karo/PS4SDK/libPS4/libPS4.a(kernel.o)
sceSystemServiceLaunchWebBrowser
                    0x8               /home/karo/PS4SDK/libPS4/libPS4.a(sysutil.o)
strncpy             0x8               /home/karo/PS4SDK/libPS4/libPS4.a(libc.o)
realloc             0x8               /home/karo/PS4SDK/libPS4/libPS4.a(libc.o)
sceKernelGetSystemSwVersion
                    0x8               /home/karo/PS4SDK/libPS4/libPS4.a(kernel.o)
bcopy               0x8               /home/karo/PS4SDK/libPS4/libPS4.a(libc.o)
strtok              0x8               /home/karo/PS4SDK/libPS4/libPS4.a(libc.o)
memcmp              0x8               /home/karo/PS4SDK/libPS4/libPS4.a(libc.o)
sceKernelClose      0x8               /home/karo/PS4SDK/libPS4/libPS4.a(kernel.o)
sscanf              0x8               /home/karo/PS4SDK/libPS4/libPS4.a(libc.o)
sceUserServiceGetUserName
                    0x8               /home/karo/PS4SDK/libPS4/libPS4.a(sysutil.o)
strncat             0x8               /home/karo/PS4SDK/libPS4/libPS4.a(libc.o)
memmove_s           0x8               /home/karo/PS4SDK/libPS4/libPS4.a(libc.o)
fread               0x8               /home/karo/PS4SDK/libPS4/libPS4.a(libc.o)
_Stoul              0x8               /home/karo/PS4SDK/libPS4/libPS4.a(libc.o)
pthread_setaffinity_np
                    0x8               /home/karo/PS4SDK/libPS4/libPS4.a(kernel.o)
strdup              0x8               /home/karo/PS4SDK/libPS4/libPS4.a(libc.o)
sceNetSetsockopt    0x8               /home/karo/PS4SDK/libPS4/libPS4.a(network.o)
index               0x8               /home/karo/PS4SDK/libPS4/libPS4.a(libc.o)
libSceSystemService
                    0x4               /home/karo/PS4SDK/libPS4/libPS4.a(sysutil.o)
sceNetSocketClose   0x8               /home/karo/PS4SDK/libPS4/libPS4.a(network.o)
fopen               0x8               /home/karo/PS4SDK/libPS4/libPS4.a(libc.o)
sceKernelGetProcessTime
                    0x8               /home/karo/PS4SDK/libPS4/libPS4.a(kernel.o)
asctime_r           0x8               /home/karo/PS4SDK/libPS4/libPS4.a(libc.o)
setreuid            0x8               /home/karo/PS4SDK/libPS4/libPS4.a(kernel.o)
localtime           0x8               /home/karo/PS4SDK/libPS4/libPS4.a(libc.o)
memset              0x8               /home/karo/PS4SDK/libPS4/libPS4.a(libc.o)
ftell               0x8               /home/karo/PS4SDK/libPS4/libPS4.a(libc.o)
srand               0x8               /home/karo/PS4SDK/libPS4/libPS4.a(libc.o)
fclose              0x8               /home/karo/PS4SDK/libPS4/libPS4.a(libc.o)
sceKernelAllocateDirectMemory
                    0x8               /home/karo/PS4SDK/libPS4/libPS4.a(kernel.o)
time                0x8               /home/karo/PS4SDK/libPS4/libPS4.a(libc.o)
opendir             0x8               /home/karo/PS4SDK/libPS4/libPS4.a(libc.o)
strcmp              0x8               /home/karo/PS4SDK/libPS4/libPS4.a(libc.o)
sceNetRecv          0x8               /home/karo/PS4SDK/libPS4/libPS4.a(network.o)
sceUserServiceGetLoginUserIdList
                    0x8               /home/karo/PS4SDK/libPS4/libPS4.a(sysutil.o)
gmtime_s            0x8               /home/karo/PS4SDK/libPS4/libPS4.a(libc.o)
sceNetBind          0x8               /home/karo/PS4SDK/libPS4/libPS4.a(network.o)
memalign            0x8               /home/karo/PS4SDK/libPS4/libPS4.a(libc.o)
sprintf             0x8               /home/karo/PS4SDK/libPS4/libPS4.a(libc.o)
libNetCtl           0x4               /home/karo/PS4SDK/libPS4/libPS4.a(network.o)
sceNetConnect       0x8               /home/karo/PS4SDK/libPS4/libPS4.a(network.o)
sceNetNtohs         0x8               /home/karo/PS4SDK/libPS4/libPS4.a(network.o)
ctime_r             0x8               /home/karo/PS4SDK/libPS4/libPS4.a(libc.o)
sceKernelUsleep     0x8               /home/karo/PS4SDK/libPS4/libPS4.a(kernel.o)
sceNetCtlTerm       0x8               /home/karo/PS4SDK/libPS4/libPS4.a(network.o)
sceKernelAddUserEvent
                    0x8               /home/karo/PS4SDK/libPS4/libPS4.a(kernel.o)
pthread_self        0x8               /home/karo/PS4SDK/libPS4/libPS4.a(kernel.o)
sceUserServiceTerminate
                    0x8               /home/karo/PS4SDK/libPS4/libPS4.a(sysutil.o)
localtime_r         0x8               /home/karo/PS4SDK/libPS4/libPS4.a(libc.o)
sceNetListen        0x8               /home/karo/PS4SDK/libPS4/libPS4.a(network.o)
isdigit             0x8               /home/karo/PS4SDK/libPS4/libPS4.a(libc.o)
sceKernelReboot     0x8               /home/karo/PS4SDK/libPS4/libPS4.a(sysutil.o)
fwrite              0x8               /home/karo/PS4SDK/libPS4/libPS4.a(libc.o)
sceKernelCreateEqueue
                    0x8               /home/karo/PS4SDK/libPS4/libPS4.a(kernel.o)
sceNetNtohl         0x8               /home/karo/PS4SDK/libPS4/libPS4.a(network.o)
sceNetGetsockopt    0x8               /home/karo/PS4SDK/libPS4/libPS4.a(network.o)
atoi                0x8               /home/karo/PS4SDK/libPS4/libPS4.a(libc.o)
gmtime              0x8               /home/karo/PS4SDK/libPS4/libPS4.a(libc.o)
strlen              0x8               /home/karo/PS4SDK/libPS4/libPS4.a(libc.o)
sceKernelOpen       0x8               /home/karo/PS4SDK/libPS4/libPS4.a(kernel.o)
strchr              0x8               /home/karo/PS4SDK/libPS4/libPS4.a(libc.o)
sceNetAccept        0x8               /home/karo/PS4SDK/libPS4/libPS4.a(network.o)
libNet              0x4               /home/karo/PS4SDK/libPS4/libPS4.a(network.o)
closedir            0x8               /home/karo/PS4SDK/libPS4/libPS4.a(libc.o)
setuid              0x8               /home/karo/PS4SDK/libPS4/libPS4.a(kernel.o)
sysUtilHandle       0x4               /home/karo/PS4SDK/libPS4/libPS4.a(sysutil.o)
sceKernelGetFsSandboxRandomWord
                    0x8               /home/karo/PS4SDK/libPS4/libPS4.a(kernel.o)
sceKernelAddReadEvent
                    0x8               /home/karo/PS4SDK/libPS4/libPS4.a(kernel.o)
sceNetSocketAbort   0x8               /home/karo/PS4SDK/libPS4/libPS4.a(network.o)
telldir             0x8               /home/karo/PS4SDK/libPS4/libPS4.a(libc.o)
sysctlbyname        0x8               /home/karo/PS4SDK/libPS4/libPS4.a(kernel.o)
free                0x8               /home/karo/PS4SDK/libPS4/libPS4.a(libc.o)

Discarded input sections

 .data          0x0000000000000000        0x0 /tmp/ccPLYPPd.o
 .bss           0x0000000000000000        0x0 /tmp/ccPLYPPd.o
 .text          0x0000000000000000        0x0 build/main.o
 .data          0x0000000000000000        0x0 build/main.o
 .bss           0x0000000000000000        0x0 build/main.o
 .data.page_size
                0x0000000000000000        0x8 build/main.o
 .comment       0x0000000000000000       0x2b build/main.o
 .note.GNU-stack
                0x0000000000000000        0x0 build/main.o
 .note.gnu.property
                0x0000000000000000       0x20 build/main.o
 .eh_frame      0x0000000000000000       0x60 build/main.o
 .text          0x0000000000000000        0x0 /home/karo/PS4SDK/libPS4/libPS4.a(sysutil.o)
 .data          0x0000000000000000        0x0 /home/karo/PS4SDK/libPS4/libPS4.a(sysutil.o)
 .bss           0x0000000000000000        0x0 /home/karo/PS4SDK/libPS4/libPS4.a(sysutil.o)
 .rodata.initUserService.str1.1
                0x0000000000000000       0xb3 /home/karo/PS4SDK/libPS4/libPS4.a(sysutil.o)
 .text.initUserService
                0x0000000000000000       0x9f /home/karo/PS4SDK/libPS4/libPS4.a(sysutil.o)
 .text.openBrowser
                0x0000000000000000       0x12 /home/karo/PS4SDK/libPS4/libPS4.a(sysutil.o)
 .text.getUserIDList
                0x0000000000000000       0x47 /home/karo/PS4SDK/libPS4/libPS4.a(sysutil.o)
 .text.getUserID
                0x0000000000000000       0x18 /home/karo/PS4SDK/libPS4/libPS4.a(sysutil.o)
 .text.getUserName
                0x0000000000000000       0x8d /home/karo/PS4SDK/libPS4/libPS4.a(sysutil.o)
 .text.getInitialUser
                0x0000000000000000       0x45 /home/karo/PS4SDK/libPS4/libPS4.a(sysutil.o)
 .rodata.shutdown.str1.1
                0x0000000000000000       0x11 /home/karo/PS4SDK/libPS4/libPS4.a(sysutil.o)
 .text.shutdown
                0x0000000000000000       0x55 /home/karo/PS4SDK/libPS4/libPS4.a(sysutil.o)
 .rodata.reboot.str1.1
                0x0000000000000000       0x32 /home/karo/PS4SDK/libPS4/libPS4.a(sysutil.o)
 .text.reboot   0x0000000000000000       0x41 /home/karo/PS4SDK/libPS4/libPS4.a(sysutil.o)
 .comment       0x0000000000000000       0x2b /home/karo/PS4SDK/libPS4/libPS4.a(sysutil.o)
 .note.GNU-stack
                0x0000000000000000        0x0 /home/karo/PS4SDK/libPS4/libPS4.a(sysutil.o)
 .note.gnu.property
                0x0000000000000000       0x20 /home/karo/PS4SDK/libPS4/libPS4.a(sysutil.o)
 .eh_frame      0x0000000000000000      0x120 /home/karo/PS4SDK/libPS4/libPS4.a(sysutil.o)
 .data          0x0000000000000000        0x0 /home/karo/PS4SDK/libPS4/libPS4.a(module.o)
 .bss           0x0000000000000000        0x0 /home/karo/PS4SDK/libPS4/libPS4.a(module.o)
 .text.getModuleInfo
                0x0000000000000000       0x1f /home/karo/PS4SDK/libPS4/libPS4.a(module.o)
 .text.unloadModule
                0x0000000000000000       0x19 /home/karo/PS4SDK/libPS4/libPS4.a(module.o)
 .rodata.initModule.str1.1
                0x0000000000000000       0x2c /home/karo/PS4SDK/libPS4/libPS4.a(module.o)
 .text.initModule
                0x0000000000000000       0x47 /home/karo/PS4SDK/libPS4/libPS4.a(module.o)
 .comment       0x0000000000000000       0x2b /home/karo/PS4SDK/libPS4/libPS4.a(module.o)
 .note.GNU-stack
                0x0000000000000000        0x0 /home/karo/PS4SDK/libPS4/libPS4.a(module.o)
 .note.gnu.property
                0x0000000000000000       0x20 /home/karo/PS4SDK/libPS4/libPS4.a(module.o)
 .eh_frame      0x0000000000000000       0x80 /home/karo/PS4SDK/libPS4/libPS4.a(module.o)
 COMMON         0x0000000000000000        0xc /home/karo/PS4SDK/libPS4/libPS4.a(module.o)
 .text          0x0000000000000000        0x0 /home/karo/PS4SDK/libPS4/libPS4.a(debug.o)
 .data          0x0000000000000000        0x0 /home/karo/PS4SDK/libPS4/libPS4.a(debug.o)
 .bss           0x0000000000000000        0x0 /home/karo/PS4SDK/libPS4/libPS4.a(debug.o)
 .comment       0x0000000000000000       0x2b /home/karo/PS4SDK/libPS4/libPS4.a(debug.o)
 .note.GNU-stack
                0x0000000000000000        0x0 /home/karo/PS4SDK/libPS4/libPS4.a(debug.o)
 .note.gnu.property
                0x0000000000000000       0x20 /home/karo/PS4SDK/libPS4/libPS4.a(debug.o)
 .text          0x0000000000000000        0x0 /home/karo/PS4SDK/libPS4/libPS4.a(libc.o)
 .data          0x0000000000000000        0x0 /home/karo/PS4SDK/libPS4/libPS4.a(libc.o)
 .bss           0x0000000000000000        0x0 /home/karo/PS4SDK/libPS4/libPS4.a(libc.o)
 .text.memset_s
                0x0000000000000000       0x51 /home/karo/PS4SDK/libPS4/libPS4.a(libc.o)
 .comment       0x0000000000000000       0x2b /home/karo/PS4SDK/libPS4/libPS4.a(libc.o)
 .note.GNU-stack
                0x0000000000000000        0x0 /home/karo/PS4SDK/libPS4/libPS4.a(libc.o)
 .note.gnu.property
                0x0000000000000000       0x20 /home/karo/PS4SDK/libPS4/libPS4.a(libc.o)
 .eh_frame      0x0000000000000000       0x68 /home/karo/PS4SDK/libPS4/libPS4.a(libc.o)
 .text          0x0000000000000000        0x0 /home/karo/PS4SDK/libPS4/libPS4.a(network.o)
 .data          0x0000000000000000        0x0 /home/karo/PS4SDK/libPS4/libPS4.a(network.o)
 .bss           0x0000000000000000        0x0 /home/karo/PS4SDK/libPS4/libPS4.a(network.o)
 .rodata.initNetwork.str1.1
                0x0000000000000000      0x173 /home/karo/PS4SDK/libPS4/libPS4.a(network.o)
 .text.initNetwork
                0x0000000000000000      0x258 /home/karo/PS4SDK/libPS4/libPS4.a(network.o)
 .text.SckConnect
                0x0000000000000000       0xa9 /home/karo/PS4SDK/libPS4/libPS4.a(network.o)
 .text.SckClose
                0x0000000000000000        0xd /home/karo/PS4SDK/libPS4/libPS4.a(network.o)
 .text.SckRecv  0x0000000000000000       0xce /home/karo/PS4SDK/libPS4/libPS4.a(network.o)
 .text.SckRecvf
                0x0000000000000000       0x7b /home/karo/PS4SDK/libPS4/libPS4.a(network.o)
 .comment       0x0000000000000000       0x2b /home/karo/PS4SDK/libPS4/libPS4.a(network.o)
 .note.GNU-stack
                0x0000000000000000        0x0 /home/karo/PS4SDK/libPS4/libPS4.a(network.o)
 .note.gnu.property
                0x0000000000000000       0x20 /home/karo/PS4SDK/libPS4/libPS4.a(network.o)
 .eh_frame      0x0000000000000000      0x118 /home/karo/PS4SDK/libPS4/libPS4.a(network.o)
 .text          0x0000000000000000       0x24 /home/karo/PS4SDK/libPS4/libPS4.a(kernel.o)
 .data          0x0000000000000000        0x0 /home/karo/PS4SDK/libPS4/libPS4.a(kernel.o)
 .bss           0x0000000000000000        0x0 /home/karo/PS4SDK/libPS4/libPS4.a(kernel.o)
 .comment       0x0000000000000000       0x2b /home/karo/PS4SDK/libPS4/libPS4.a(kernel.o)
 .note.GNU-stack
                0x0000000000000000        0x0 /home/karo/PS4SDK/libPS4/libPS4.a(kernel.o)
 .note.gnu.property
                0x0000000000000000       0x20 /home/karo/PS4SDK/libPS4/libPS4.a(kernel.o)
 .eh_frame      0x0000000000000000       0x50 /home/karo/PS4SDK/libPS4/libPS4.a(kernel.o)
 .data          0x0000000000000000        0x0 /home/karo/PS4SDK/libPS4/libPS4.a(syscall.o)
 .bss           0x0000000000000000        0x0 /home/karo/PS4SDK/libPS4/libPS4.a(syscall.o)
 .text          0x0000000000000000      0x108 /home/karo/PS4SDK/libPS4/libPS4.a(file.o)
 .data          0x0000000000000000        0x0 /home/karo/PS4SDK/libPS4/libPS4.a(file.o)
 .bss           0x0000000000000000        0x0 /home/karo/PS4SDK/libPS4/libPS4.a(file.o)
 .text.getSandboxDirectory
                0x0000000000000000       0x1b /home/karo/PS4SDK/libPS4/libPS4.a(file.o)
 .text.file_exists
                0x0000000000000000       0x23 /home/karo/PS4SDK/libPS4/libPS4.a(file.o)
 .text.dir_exists
                0x0000000000000000       0x28 /home/karo/PS4SDK/libPS4/libPS4.a(file.o)
 .text.symlink_exists
                0x0000000000000000       0x3a /home/karo/PS4SDK/libPS4/libPS4.a(file.o)
 .text.touch_file
                0x0000000000000000       0x23 /home/karo/PS4SDK/libPS4/libPS4.a(file.o)
 .text.copy_file
                0x0000000000000000       0x99 /home/karo/PS4SDK/libPS4/libPS4.a(file.o)
 .rodata.copy_dir.str1.1
                0x0000000000000000        0xb /home/karo/PS4SDK/libPS4/libPS4.a(file.o)
 .text.copy_dir
                0x0000000000000000      0x132 /home/karo/PS4SDK/libPS4/libPS4.a(file.o)
 .text.file_compare
                0x0000000000000000      0x175 /home/karo/PS4SDK/libPS4/libPS4.a(file.o)
 .text.rmtree   0x0000000000000000      0x143 /home/karo/PS4SDK/libPS4/libPS4.a(file.o)
 .text.fgetc_pointer
                0x0000000000000000       0x2c /home/karo/PS4SDK/libPS4/libPS4.a(file.o)
 .text.build_iovec
                0x0000000000000000       0xec /home/karo/PS4SDK/libPS4/libPS4.a(file.o)
 .rodata.mount_large_fs.str1.1
                0x0000000000000000       0x4b /home/karo/PS4SDK/libPS4/libPS4.a(file.o)
 .text.mount_large_fs
                0x0000000000000000      0x14f /home/karo/PS4SDK/libPS4/libPS4.a(file.o)
 .comment       0x0000000000000000       0x2b /home/karo/PS4SDK/libPS4/libPS4.a(file.o)
 .note.GNU-stack
                0x0000000000000000        0x0 /home/karo/PS4SDK/libPS4/libPS4.a(file.o)
 .note.gnu.property
                0x0000000000000000       0x20 /home/karo/PS4SDK/libPS4/libPS4.a(file.o)
 .eh_frame      0x0000000000000000      0x260 /home/karo/PS4SDK/libPS4/libPS4.a(file.o)

Memory Configuration

Name             Origin             Length             Attributes
*default*        0x0000000000000000 0xffffffffffffffff

Linker script and memory map

LOAD /tmp/ccPLYPPd.o
LOAD build/main.o

.text           0x0000000000000000      0xc81
 *(.text.start)
 *(.text*)
 .text          0x0000000000000000        0x5 /tmp/ccPLYPPd.o
                0x0000000000000000                _start
 .text.kpayload
                0x0000000000000005       0x79 build/main.o
                0x0000000000000005                kpayload
 .text._main    0x000000000000007e      0x19e build/main.o
                0x000000000000007e                _main
 .text.initSysUtil
                0x000000000000021c       0x86 /home/karo/PS4SDK/libPS4/libPS4.a(sysutil.o)
                0x000000000000021c                initSysUtil
 .text          0x00000000000002a2       0x18 /home/karo/PS4SDK/libPS4/libPS4.a(module.o)
                0x00000000000002a2                getFunctionAddressByName
                0x00000000000002ae                getLoadedModules
 .text.loadModule
                0x00000000000002ba       0x1e /home/karo/PS4SDK/libPS4/libPS4.a(module.o)
                0x00000000000002ba                loadModule
 .text.initLibc
                0x00000000000002d8      0x5d2 /home/karo/PS4SDK/libPS4/libPS4.a(libc.o)
                0x00000000000002d8                initLibc
 .text.SckSend  0x00000000000008aa       0x15 /home/karo/PS4SDK/libPS4/libPS4.a(network.o)
                0x00000000000008aa                SckSend
 .text.initKernel
                0x00000000000008bf      0x394 /home/karo/PS4SDK/libPS4/libPS4.a(kernel.o)
                0x00000000000008bf                initKernel
 .text          0x0000000000000c53       0x2e /home/karo/PS4SDK/libPS4/libPS4.a(syscall.o)
                0x0000000000000c53                syscall
                0x0000000000000c56                syscall_macro

.plt            0x0000000000000c90        0x0
 .plt           0x0000000000000c90        0x0 /tmp/ccPLYPPd.o

.plt.got        0x0000000000000c88        0x0
 .plt.got       0x0000000000000c88        0x0 /tmp/ccPLYPPd.o

.rodata         0x0000000000000c81      0x602
 *(.rodata)
 *(.rodata*)
 .rodata._main.str1.1
                0x0000000000000c81       0xad build/main.o
 .rodata.initSysUtil.str1.1
                0x0000000000000d2e       0x9c /home/karo/PS4SDK/libPS4/libPS4.a(sysutil.o)
 .rodata.initLibc.str1.1
                0x0000000000000dca      0x1f8 /home/karo/PS4SDK/libPS4/libPS4.a(libc.o)
                                        0x216 (size before relaxing)
 .rodata.initKernel.str1.1
                0x0000000000000fc2      0x2c1 /home/karo/PS4SDK/libPS4/libPS4.a(kernel.o)
                                        0x2d4 (size before relaxing)

.gnu.version_d  0x0000000000001288        0x0
 .gnu.version_d
                0x0000000000001288        0x0 /tmp/ccPLYPPd.o

.gnu.version    0x0000000000001284        0x0
 .gnu.version   0x0000000000001284        0x0 /tmp/ccPLYPPd.o

.gnu.version_r  0x0000000000001288        0x0
 .gnu.version_r
                0x0000000000001288        0x0 /tmp/ccPLYPPd.o

.dynsym         0x0000000000001288       0x18
 .dynsym        0x0000000000001288       0x18 /tmp/ccPLYPPd.o

.dynstr         0x00000000000012a0        0x1
 .dynstr        0x00000000000012a0        0x1 /tmp/ccPLYPPd.o

.gnu.hash       0x00000000000012a8       0x1c
 .gnu.hash      0x00000000000012a8       0x1c /tmp/ccPLYPPd.o

.eh_frame_hdr   0x00000000000012c4        0x0
 .eh_frame_hdr  0x00000000000012c4        0x0 build/main.o

.rela.dyn       0x00000000000012c8        0x0
 .rela.plt      0x00000000000012c8        0x0 /tmp/ccPLYPPd.o
 .rela.got      0x00000000000012c8        0x0 /tmp/ccPLYPPd.o
 .rela.bss      0x00000000000012c8        0x0 /tmp/ccPLYPPd.o
 .rela.data.rel.ro
                0x00000000000012c8        0x0 /tmp/ccPLYPPd.o
 .rela.ifunc    0x00000000000012c8        0x0 /tmp/ccPLYPPd.o
 .rela.text._main
                0x00000000000012c8        0x0 /tmp/ccPLYPPd.o
 .rela.text.initSysUtil
                0x00000000000012c8        0x0 /tmp/ccPLYPPd.o
 .rela.text.initLibc
                0x00000000000012c8        0x0 /tmp/ccPLYPPd.o
 .rela.text.SckSend
                0x00000000000012c8        0x0 /tmp/ccPLYPPd.o
 .rela.text.initKernel
                0x00000000000012c8        0x0 /tmp/ccPLYPPd.o
 .rela.text     0x00000000000012c8        0x0 /tmp/ccPLYPPd.o

.data
 *(.data)

.dynamic        0x00000000000012c8       0xe0
 .dynamic       0x00000000000012c8       0xe0 /tmp/ccPLYPPd.o
                0x00000000000012c8                _DYNAMIC

.got            0x00000000000013a8        0x0
 .got           0x00000000000013a8        0x0 /tmp/ccPLYPPd.o

.got.plt        0x00000000000013a8        0x0
 .got.plt       0x00000000000013a8        0x0 /tmp/ccPLYPPd.o

.data.rel.ro    0x00000000000013a8        0x0
 .data.rel.ro   0x00000000000013a8        0x0 /tmp/ccPLYPPd.o

.data.DEBUG_SOCK
                0x00000000000013a8        0x4
 .data.DEBUG_SOCK
                0x00000000000013a8        0x4 /home/karo/PS4SDK/libPS4/libPS4.a(debug.o)
                0x00000000000013a8                DEBUG_SOCK

.bss            0x00000000000013b0      0x488
 *(.bss)
 COMMON         0x00000000000013b0       0x54 /home/karo/PS4SDK/libPS4/libPS4.a(sysutil.o)
                0x00000000000013b0                sceUserServiceInitialize
                0x00000000000013b8                sceSysUtilSendSystemNotificationWithText
                0x00000000000013c0                sceUserServiceGetInitialUser
                0x00000000000013c8                libSceUserService
                0x00000000000013d0                sceSystemServiceLaunchWebBrowser
                0x00000000000013d8                sceUserServiceGetUserName
                0x00000000000013e0                libSceSystemService
                0x00000000000013e8                sceUserServiceGetLoginUserIdList
                0x00000000000013f0                sceUserServiceTerminate
                0x00000000000013f8                sceKernelReboot
                0x0000000000001400                sysUtilHandle
 *fill*         0x0000000000001404        0x4 
 COMMON         0x0000000000001408      0x220 /home/karo/PS4SDK/libPS4/libPS4.a(libc.o)
                0x0000000000001408                strcpy
                0x0000000000001410                asctime
                0x0000000000001418                libc
                0x0000000000001420                strerror
                0x0000000000001428                memmove
                0x0000000000001430                snprintf
                0x0000000000001438                strncpy_s
                0x0000000000001440                ceil
                0x0000000000001448                memcpy
                0x0000000000001450                seekdir
                0x0000000000001458                rewinddir
                0x0000000000001460                malloc
                0x0000000000001468                readdir_r
                0x0000000000001470                getprogname
                0x0000000000001478                readdir
                0x0000000000001480                strtol
                0x0000000000001488                snprintf_s
                0x0000000000001490                strrchr
                0x0000000000001498                calloc
                0x00000000000014a0                rindex
                0x00000000000014a8                atof
                0x00000000000014b0                _Getpctype
                0x00000000000014b8                fprintf
                0x00000000000014c0                ctime
                0x00000000000014c8                strcat
                0x00000000000014d0                fseek
                0x00000000000014d8                mktime
                0x00000000000014e0                strstr
                0x00000000000014e8                rand
                0x00000000000014f0                dirfd
                0x00000000000014f8                strlcpy
                0x0000000000001500                strncmp
                0x0000000000001508                strncpy
                0x0000000000001510                realloc
                0x0000000000001518                bcopy
                0x0000000000001520                strtok
                0x0000000000001528                memcmp
                0x0000000000001530                sscanf
                0x0000000000001538                strncat
                0x0000000000001540                memmove_s
                0x0000000000001548                fread
                0x0000000000001550                _Stoul
                0x0000000000001558                strdup
                0x0000000000001560                index
                0x0000000000001568                fopen
                0x0000000000001570                asctime_r
                0x0000000000001578                localtime
                0x0000000000001580                memset
                0x0000000000001588                ftell
                0x0000000000001590                srand
                0x0000000000001598                fclose
                0x00000000000015a0                time
                0x00000000000015a8                opendir
                0x00000000000015b0                strcmp
                0x00000000000015b8                gmtime_s
                0x00000000000015c0                memalign
                0x00000000000015c8                sprintf
                0x00000000000015d0                ctime_r
                0x00000000000015d8                localtime_r
                0x00000000000015e0                isdigit
                0x00000000000015e8                fwrite
                0x00000000000015f0                atoi
                0x00000000000015f8                gmtime
                0x0000000000001600                strlen
                0x0000000000001608                strchr
                0x0000000000001610                closedir
                0x0000000000001618                telldir
                0x0000000000001620                free
 COMMON         0x0000000000001628       0xd0 /home/karo/PS4SDK/libPS4/libPS4.a(network.o)
                0x0000000000001628                sceNetCtlInit
                0x0000000000001630                sceNetHtonll
                0x0000000000001638                sceNetNtohll
                0x0000000000001640                sceNetCtlGetInfo
                0x0000000000001648                sceNetInetNtop
                0x0000000000001650                sceNetSocket
                0x0000000000001658                sceNetInetPton
                0x0000000000001660                sceNetGetsockname
                0x0000000000001668                sceNetHtons
                0x0000000000001670                sceNetSend
                0x0000000000001678                sceNetHtonl
                0x0000000000001680                sceNetErrnoLoc
                0x0000000000001688                sceNetSetsockopt
                0x0000000000001690                sceNetSocketClose
                0x0000000000001698                sceNetRecv
                0x00000000000016a0                sceNetBind
                0x00000000000016a8                libNetCtl
                0x00000000000016b0                sceNetConnect
                0x00000000000016b8                sceNetNtohs
                0x00000000000016c0                sceNetCtlTerm
                0x00000000000016c8                sceNetListen
                0x00000000000016d0                sceNetNtohl
                0x00000000000016d8                sceNetGetsockopt
                0x00000000000016e0                sceNetAccept
                0x00000000000016e8                libNet
                0x00000000000016f0                sceNetSocketAbort
 COMMON         0x00000000000016f8      0x140 /home/karo/PS4SDK/libPS4/libPS4.a(kernel.o)
                0x00000000000016f8                sceKernelGettimeofday
                0x0000000000001700                getgid
                0x0000000000001708                libKernelHandle
                0x0000000000001710                __stack_chk_guard
                0x0000000000001718                sceKernelGetDirectMemorySize
                0x0000000000001720                execve
                0x0000000000001728                getpid
                0x0000000000001730                sceKernelSleep
                0x0000000000001738                sceKernelGetCurrentCpu
                0x0000000000001740                sceKernelDeleteEqueue
                0x0000000000001748                sceKernelGetCpuTemperature
                0x0000000000001750                getuid
                0x0000000000001758                __stack_chk_fail
                0x0000000000001760                sceKernelMapDirectMemory
                0x0000000000001768                sysarch
                0x0000000000001770                sceKernelError
                0x0000000000001778                sysctl
                0x0000000000001780                sceKernelRead
                0x0000000000001788                setregid
                0x0000000000001790                __error
                0x0000000000001798                sceKernelSendNotificationRequest
                0x00000000000017a0                setgid
                0x00000000000017a8                sceKernelLseek
                0x00000000000017b0                sceKernelStat
                0x00000000000017b8                sceKernelLoadStartModule
                0x00000000000017c0                sceKernelGetSystemSwVersion
                0x00000000000017c8                sceKernelClose
                0x00000000000017d0                pthread_setaffinity_np
                0x00000000000017d8                sceKernelGetProcessTime
                0x00000000000017e0                setreuid
                0x00000000000017e8                sceKernelAllocateDirectMemory
                0x00000000000017f0                sceKernelUsleep
                0x00000000000017f8                sceKernelAddUserEvent
                0x0000000000001800                pthread_self
                0x0000000000001808                sceKernelCreateEqueue
                0x0000000000001810                sceKernelOpen
                0x0000000000001818                setuid
                0x0000000000001820                sceKernelGetFsSandboxRandomWord
                0x0000000000001828                sceKernelAddReadEvent
                0x0000000000001830                sysctlbyname

.dynbss         0x0000000000001838        0x0
 .dynbss        0x0000000000001838        0x0 /tmp/ccPLYPPd.o

.bss.kernel_base
                0x0000000000001838        0x8
 .bss.kernel_base
                0x0000000000001838        0x8 build/main.o
                0x0000000000001838                kernel_base

.bss.sceKernelDebugOutText
                0x0000000000001840        0x8
 .bss.sceKernelDebugOutText
                0x0000000000001840        0x8 build/main.o

/DISCARD/
 *(.comment)
 *(.note.GNU-stack)
 *(.eh_frame)
 *(.interp)
LOAD /home/karo/PS4SDK/libPS4/libPS4.a
OUTPUT(temp.t elf64-x86-64)
